// Jest Snapshot v1, https://goo.gl/fbAQLP

exports[`render NumberOfRound component 1`] = `
<div>
  Round: 
   / 5
</div>
`;
