// Jest Snapshot v1, https://goo.gl/fbAQLP

exports[`render PlayerBet component 1`] = `
<div>
  Player bet: 
  $
</div>
`;
