// Jest Snapshot v1, https://goo.gl/fbAQLP

exports[`render PlayerCredit component 1`] = `
<div>
  Player Credit: 
  $
</div>
`;
