// Jest Snapshot v1, https://goo.gl/fbAQLP

exports[`render RoundHistory component 1`] = `<Fragment />`;
